#
# There is insufficient memory for the Java Runtime Environment to continue.
# Native memory allocation (malloc) failed to allocate 1450432 bytes for Chunk::new
# Possible reasons:
#   The system is out of physical RAM or swap space
#   The process is running with CompressedOops enabled, and the Java Heap may be blocking the growth of the native heap
# Possible solutions:
#   Reduce memory load on the system
#   Increase physical memory or swap space
#   Check if swap backing store is full
#   Decrease Java heap size (-Xmx/-Xms)
#   Decrease number of Java threads
#   Decrease Java thread stack sizes (-Xss)
#   Set larger code cache with -XX:ReservedCodeCacheSize=
#   JVM is running with Unscaled Compressed Oops mode in which the Java heap is
#     placed in the first 4GB address space. The Java Heap base address is the
#     maximum limit for the native heap growth. Please use -XX:HeapBaseMinAddress
#     to set the Java Heap base and to place the Java Heap above 4GB virtual address.
# This output file may be truncated or incomplete.
#
#  Out of Memory Error (arena.cpp:168), pid=26556, tid=22020
#
# JRE version: Java(TM) SE Runtime Environment (21.0.11+9) (build 21.0.11+9-LTS-211)
# Java VM: Java HotSpot(TM) 64-Bit Server VM (21.0.11+9-LTS-211, mixed mode, sharing, tiered, compressed oops, compressed class ptrs, g1 gc, windows-amd64)
# No core dump will be written. Minidumps are not enabled by default on client versions of Windows
#

---------------  S U M M A R Y ------------

Command Line: -Dfile.encoding=UTF-8 -Dstdout.encoding=UTF-8 -Dstderr.encoding=UTF-8 -XX:+ShowCodeDetailsInExceptionMessages com.example.cdc_synchronization_engine.CdcSynchronizationEngineApplication

Host: Intel(R) Core(TM) i5-10300H CPU @ 2.50GHz, 8 cores, 7G,  Windows 11 , 64 bit Build 26100 (10.0.26100.8972)
Time: Mon Aug  3 14:17:42 2026 India Standard Time elapsed time: 99.404492 seconds (0d 0h 1m 39s)

---------------  T H R E A D  ---------------

Current thread (0x00000229c1dd0980):  JavaThread "C2 CompilerThread1" daemon [_thread_in_native, id=22020, stack(0x000000e1d0500000,0x000000e1d0600000) (1024K)]


Current CompileTask:
C2:  99424 8904       4       org.springframework.core.annotation.AnnotationsScanner::getDeclaredAnnotations (166 bytes)

Stack: [0x000000e1d0500000,0x000000e1d0600000]
Native frames: (J=compiled Java code, j=interpreted, Vv=VM code, C=native code)
V  [jvm.dll+0x6d0ef9]
V  [jvm.dll+0x860126]
V  [jvm.dll+0x86261e]
V  [jvm.dll+0x862cf3]
V  [jvm.dll+0x282bc6]
V  [jvm.dll+0xc67ad]
V  [jvm.dll+0xc6cf1]
V  [jvm.dll+0x3bbeab]
V  [jvm.dll+0x388322]
V  [jvm.dll+0x38776a]
V  [jvm.dll+0x24b520]
V  [jvm.dll+0x24aaff]
V  [jvm.dll+0x1cae7e]
V  [jvm.dll+0x25a7d9]
V  [jvm.dll+0x258d65]
V  [jvm.dll+0x3f50d1]
V  [jvm.dll+0x80ac0d]
V  [jvm.dll+0x6cf79d]
C  [ucrtbase.dll+0x2cd30]
C  [KERNEL32.DLL+0x2ccb7]
C  [ntdll.dll+0xaad6c]


---------------  P R O C E S S  ---------------

Threads class SMR info:
_java_thread_list=0x00000229c190bdf0, length=21, elements={
0x00000229d8d69550, 0x00000229f77544d0, 0x00000229f7755c50, 0x00000229f7759130,
0x00000229f7759b90, 0x00000229f775e170, 0x00000229f7a9a0a0, 0x00000229f7aa6060,
0x00000229f7ab3fd0, 0x00000229f7cd83e0, 0x00000229f7cdd7e0, 0x00000229fc5b16b0,
0x00000229fc5d5c30, 0x00000229c1564350, 0x00000229c15649e0, 0x00000229c1561560,
0x00000229c1561bf0, 0x00000229c1562280, 0x00000229c1562910, 0x00000229c1563630,
0x00000229c1dd0980
}

Java Threads: ( => current thread )
  0x00000229d8d69550 JavaThread "main"                              [_thread_blocked, id=27360, stack(0x000000e1ce200000,0x000000e1ce300000) (1024K)]
  0x00000229f77544d0 JavaThread "Reference Handler"          daemon [_thread_blocked, id=23536, stack(0x000000e1cea00000,0x000000e1ceb00000) (1024K)]
  0x00000229f7755c50 JavaThread "Finalizer"                  daemon [_thread_blocked, id=6112, stack(0x000000e1ceb00000,0x000000e1cec00000) (1024K)]
  0x00000229f7759130 JavaThread "Signal Dispatcher"          daemon [_thread_blocked, id=32088, stack(0x000000e1cec00000,0x000000e1ced00000) (1024K)]
  0x00000229f7759b90 JavaThread "Attach Listener"            daemon [_thread_blocked, id=22332, stack(0x000000e1ced00000,0x000000e1cee00000) (1024K)]
  0x00000229f775e170 JavaThread "Service Thread"             daemon [_thread_blocked, id=29064, stack(0x000000e1cee00000,0x000000e1cef00000) (1024K)]
  0x00000229f7a9a0a0 JavaThread "Monitor Deflation Thread"   daemon [_thread_blocked, id=5592, stack(0x000000e1cef00000,0x000000e1cf000000) (1024K)]
  0x00000229f7aa6060 JavaThread "C2 CompilerThread0"         daemon [_thread_blocked, id=30960, stack(0x000000e1cf000000,0x000000e1cf100000) (1024K)]
  0x00000229f7ab3fd0 JavaThread "C1 CompilerThread0"         daemon [_thread_blocked, id=14012, stack(0x000000e1cf100000,0x000000e1cf200000) (1024K)]
  0x00000229f7cd83e0 JavaThread "Notification Thread"        daemon [_thread_blocked, id=18620, stack(0x000000e1cf200000,0x000000e1cf300000) (1024K)]
  0x00000229f7cdd7e0 JavaThread "Common-Cleaner"             daemon [_thread_blocked, id=944, stack(0x000000e1cf300000,0x000000e1cf400000) (1024K)]
  0x00000229fc5b16b0 JavaThread "Thread-0"                          [_thread_blocked, id=29332, stack(0x000000e1cf800000,0x000000e1cf900000) (1024K)]
  0x00000229fc5d5c30 JavaThread "restartedMain"                     [_thread_in_native, id=25100, stack(0x000000e1cf900000,0x000000e1cfa00000) (1024K)]
  0x00000229c1564350 JavaThread "PostgreSQL-JDBC-Cleaner"    daemon [_thread_blocked, id=21236, stack(0x000000e1cfe00000,0x000000e1cff00000) (1024K)]
  0x00000229c15649e0 JavaThread "HikariPool-1:housekeeper"   daemon [_thread_blocked, id=13736, stack(0x000000e1cff00000,0x000000e1d0000000) (1024K)]
  0x00000229c1561560 JavaThread "Catalina-utility-1"                [_thread_blocked, id=31216, stack(0x000000e1d0000000,0x000000e1d0100000) (1024K)]
  0x00000229c1561bf0 JavaThread "Catalina-utility-2"                [_thread_blocked, id=10868, stack(0x000000e1d0100000,0x000000e1d0200000) (1024K)]
  0x00000229c1562280 JavaThread "container-0"                       [_thread_blocked, id=23832, stack(0x000000e1d0200000,0x000000e1d0300000) (1024K)]
  0x00000229c1562910 JavaThread "HttpClient-1-SelectorManager" daemon [_thread_in_native, id=23636, stack(0x000000e1d0300000,0x000000e1d0400000) (1024K)]
  0x00000229c1563630 JavaThread "lettuce-timer-3-1"          daemon [_thread_blocked, id=15552, stack(0x000000e1d0400000,0x000000e1d0500000) (1024K)]
=>0x00000229c1dd0980 JavaThread "C2 CompilerThread1"         daemon [_thread_in_native, id=22020, stack(0x000000e1d0500000,0x000000e1d0600000) (1024K)]
Total: 21

Other Threads:
  0x00000229f77332e0 VMThread "VM Thread"                           [id=18716, stack(0x000000e1ce900000,0x000000e1cea00000) (1024K)]
  0x00000229f7720f70 WatcherThread "VM Periodic Task Thread"        [id=30000, stack(0x000000e1ce800000,0x000000e1ce900000) (1024K)]
  0x00000229d9048580 WorkerThread "GC Thread#0"                     [id=14924, stack(0x000000e1ce300000,0x000000e1ce400000) (1024K)]
  0x00000229fc700c50 WorkerThread "GC Thread#1"                     [id=23448, stack(0x000000e1cf400000,0x000000e1cf500000) (1024K)]
  0x00000229fc701000 WorkerThread "GC Thread#2"                     [id=9096, stack(0x000000e1cf500000,0x000000e1cf600000) (1024K)]
  0x00000229fc767a40 WorkerThread "GC Thread#3"                     [id=24024, stack(0x000000e1cf600000,0x000000e1cf700000) (1024K)]
  0x00000229fc779a20 WorkerThread "GC Thread#4"                     [id=25140, stack(0x000000e1cf700000,0x000000e1cf800000) (1024K)]
  0x00000229fc33cc70 WorkerThread "GC Thread#5"                     [id=10828, stack(0x000000e1cfb00000,0x000000e1cfc00000) (1024K)]
  0x00000229fc871170 WorkerThread "GC Thread#6"                     [id=24572, stack(0x000000e1cfc00000,0x000000e1cfd00000) (1024K)]
  0x00000229fc871520 WorkerThread "GC Thread#7"                     [id=30336, stack(0x000000e1cfd00000,0x000000e1cfe00000) (1024K)]
  0x00000229d905a9c0 ConcurrentGCThread "G1 Main Marker"            [id=18616, stack(0x000000e1ce400000,0x000000e1ce500000) (1024K)]
  0x00000229d905bb70 WorkerThread "G1 Conc#0"                       [id=17264, stack(0x000000e1ce500000,0x000000e1ce600000) (1024K)]
  0x00000229fc9e3940 WorkerThread "G1 Conc#1"                       [id=23484, stack(0x000000e1cfa00000,0x000000e1cfb00000) (1024K)]
  0x00000229f75f1610 ConcurrentGCThread "G1 Refine#0"               [id=24912, stack(0x000000e1ce600000,0x000000e1ce700000) (1024K)]
  0x00000229f75f1fa0 ConcurrentGCThread "G1 Service"                [id=3436, stack(0x000000e1ce700000,0x000000e1ce800000) (1024K)]
Total: 15

Threads with active compile tasks:
C2 CompilerThread1   100477 8904       4       org.springframework.core.annotation.AnnotationsScanner::getDeclaredAnnotations (166 bytes)
Total: 1

VM state: not at safepoint (normal execution)

VM Mutex/Monitor currently owned by a thread: None

Heap address: 0x0000000082a00000, size: 2006 MB, Compressed Oops mode: 32-bit

CDS archive(s) mapped at: [0x0000022980000000-0x0000022980c90000-0x0000022980c90000), size 13172736, SharedBaseAddress: 0x0000022980000000, ArchiveRelocationMode: 1.
Compressed class space mapped at: 0x0000022981000000-0x00000229c1000000, reserved size: 1073741824
Narrow klass base: 0x0000022980000000, Narrow klass shift: 0, Narrow klass range: 0x100000000

GC Precious Log:
 CardTable entry size: 512
 Card Set container configuration: InlinePtr #cards 5 size 8 Array Of Cards #cards 12 size 40 Howl #buckets 4 coarsen threshold 1843 Howl Bitmap #cards 512 size 80 coarsen threshold 460 Card regions per heap region 1 cards per card region 2048
 CPUs: 8 total, 8 available
 Memory: 8023M
 Large Page Support: Disabled
 NUMA Support: Disabled
 Compressed Oops: Enabled (32-bit)
 Heap Region Size: 1M
 Heap Min Capacity: 8M
 Heap Initial Capacity: 126M
 Heap Max Capacity: 2006M
 Pre-touch: Disabled
 Parallel Workers: 8
 Concurrent Workers: 2
 Concurrent Refinement Workers: 8
 Periodic GC: Disabled

Heap:
 garbage-first heap   total 81920K, used 65219K [0x0000000082a00000, 0x0000000100000000)
  region size 1024K, 21 young (21504K), 3 survivors (3072K)
 Metaspace       used 84441K, committed 85248K, reserved 1179648K
  class space    used 11182K, committed 11520K, reserved 1048576K

Heap Regions: E=young(eden), S=young(survivor), O=old, HS=humongous(starts), HC=humongous(continues), CS=collection set, F=free, TAMS=top-at-mark-start, PB=parsable bottom
|   0|0x0000000082a00000, 0x0000000082b00000, 0x0000000082b00000|100%|HS|  |TAMS 0x0000000082a00000| PB 0x0000000082a00000| Complete 
|   1|0x0000000082b00000, 0x0000000082c00000, 0x0000000082c00000|100%|HS|  |TAMS 0x0000000082b00000| PB 0x0000000082b00000| Complete 
|   2|0x0000000082c00000, 0x0000000082d00000, 0x0000000082d00000|100%|HC|  |TAMS 0x0000000082c00000| PB 0x0000000082c00000| Complete 
|   3|0x0000000082d00000, 0x0000000082e00000, 0x0000000082e00000|100%|HS|  |TAMS 0x0000000082d00000| PB 0x0000000082d00000| Complete 
|   4|0x0000000082e00000, 0x0000000082f00000, 0x0000000082f00000|100%| O|  |TAMS 0x0000000082e00000| PB 0x0000000082e00000| Untracked 
|   5|0x0000000082f00000, 0x0000000083000000, 0x0000000083000000|100%| O|  |TAMS 0x0000000082f00000| PB 0x0000000082f00000| Untracked 
|   6|0x0000000083000000, 0x0000000083100000, 0x0000000083100000|100%| O|  |TAMS 0x0000000083000000| PB 0x0000000083000000| Untracked 
|   7|0x0000000083100000, 0x0000000083200000, 0x0000000083200000|100%| O|  |TAMS 0x0000000083100000| PB 0x0000000083100000| Untracked 
|   8|0x0000000083200000, 0x0000000083300000, 0x0000000083300000|100%| O|  |TAMS 0x0000000083200000| PB 0x0000000083200000| Untracked 
|   9|0x0000000083300000, 0x0000000083400000, 0x0000000083400000|100%| O|  |TAMS 0x0000000083300000| PB 0x0000000083300000| Untracked 
|  10|0x0000000083400000, 0x0000000083500000, 0x0000000083500000|100%| O|  |TAMS 0x0000000083400000| PB 0x0000000083400000| Untracked 
|  11|0x0000000083500000, 0x0000000083600000, 0x0000000083600000|100%| O|  |TAMS 0x0000000083500000| PB 0x0000000083500000| Untracked 
|  12|0x0000000083600000, 0x0000000083700000, 0x0000000083700000|100%| O|  |TAMS 0x0000000083600000| PB 0x0000000083600000| Untracked 
|  13|0x0000000083700000, 0x0000000083800000, 0x0000000083800000|100%| O|  |TAMS 0x0000000083700000| PB 0x0000000083700000| Untracked 
|  14|0x0000000083800000, 0x0000000083900000, 0x0000000083900000|100%| O|  |TAMS 0x0000000083800000| PB 0x0000000083800000| Untracked 
|  15|0x0000000083900000, 0x0000000083a00000, 0x0000000083a00000|100%| O|  |TAMS 0x0000000083900000| PB 0x0000000083900000| Untracked 
|  16|0x0000000083a00000, 0x0000000083b00000, 0x0000000083b00000|100%| O|  |TAMS 0x0000000083a00000| PB 0x0000000083a00000| Untracked 
|  17|0x0000000083b00000, 0x0000000083c00000, 0x0000000083c00000|100%| O|  |TAMS 0x0000000083b00000| PB 0x0000000083b00000| Untracked 
|  18|0x0000000083c00000, 0x0000000083d00000, 0x0000000083d00000|100%| O|  |TAMS 0x0000000083c00000| PB 0x0000000083c00000| Untracked 
|  19|0x0000000083d00000, 0x0000000083e00000, 0x0000000083e00000|100%| O|  |TAMS 0x0000000083d00000| PB 0x0000000083d00000| Untracked 
|  20|0x0000000083e00000, 0x0000000083f00000, 0x0000000083f00000|100%| O|  |TAMS 0x0000000083e00000| PB 0x0000000083e00000| Untracked 
|  21|0x0000000083f00000, 0x0000000084000000, 0x0000000084000000|100%| O|  |TAMS 0x0000000083f00000| PB 0x0000000083f00000| Untracked 
|  22|0x0000000084000000, 0x0000000084100000, 0x0000000084100000|100%| O|  |TAMS 0x0000000084000000| PB 0x0000000084000000| Untracked 
|  23|0x0000000084100000, 0x0000000084200000, 0x0000000084200000|100%| O|  |TAMS 0x0000000084100000| PB 0x0000000084100000| Untracked 
|  24|0x0000000084200000, 0x0000000084300000, 0x0000000084300000|100%| O|  |TAMS 0x0000000084200000| PB 0x0000000084200000| Untracked 
|  25|0x0000000084300000, 0x0000000084400000, 0x0000000084400000|100%| O|  |TAMS 0x0000000084300000| PB 0x0000000084300000| Untracked 
|  26|0x0000000084400000, 0x0000000084500000, 0x0000000084500000|100%| O|  |TAMS 0x0000000084400000| PB 0x0000000084400000| Untracked 
|  27|0x0000000084500000, 0x0000000084600000, 0x0000000084600000|100%| O|  |TAMS 0x0000000084500000| PB 0x0000000084500000| Untracked 
|  28|0x0000000084600000, 0x0000000084700000, 0x0000000084700000|100%| O|  |TAMS 0x0000000084600000| PB 0x0000000084600000| Untracked 
|  29|0x0000000084700000, 0x0000000084800000, 0x0000000084800000|100%| O|  |TAMS 0x0000000084700000| PB 0x0000000084700000| Untracked 
|  30|0x0000000084800000, 0x0000000084900000, 0x0000000084900000|100%| O|  |TAMS 0x0000000084800000| PB 0x0000000084800000| Untracked 
|  31|0x0000000084900000, 0x0000000084a00000, 0x0000000084a00000|100%| O|Cm|TAMS 0x0000000084900000| PB 0x0000000084900000| Complete 
|  32|0x0000000084a00000, 0x0000000084b00000, 0x0000000084b00000|100%| O|  |TAMS 0x0000000084a00000| PB 0x0000000084a00000| Untracked 
|  33|0x0000000084b00000, 0x0000000084c00000, 0x0000000084c00000|100%| O|  |TAMS 0x0000000084b00000| PB 0x0000000084b00000| Untracked 
|  34|0x0000000084c00000, 0x0000000084d00000, 0x0000000084d00000|100%| O|  |TAMS 0x0000000084c00000| PB 0x0000000084c00000| Untracked 
|  35|0x0000000084d00000, 0x0000000084e00000, 0x0000000084e00000|100%| O|Cm|TAMS 0x0000000084d00000| PB 0x0000000084d00000| Complete 
|  36|0x0000000084e00000, 0x0000000084f00000, 0x0000000084f00000|100%| O|  |TAMS 0x0000000084e00000| PB 0x0000000084e00000| Untracked 
|  37|0x0000000084f00000, 0x0000000085000000, 0x0000000085000000|100%| O|  |TAMS 0x0000000084f00000| PB 0x0000000084f00000| Untracked 
|  38|0x0000000085000000, 0x0000000085100000, 0x0000000085100000|100%| O|  |TAMS 0x0000000085000000| PB 0x0000000085000000| Untracked 
|  39|0x0000000085100000, 0x0000000085200000, 0x0000000085200000|100%| O|  |TAMS 0x0000000085100000| PB 0x0000000085100000| Untracked 
|  40|0x0000000085200000, 0x0000000085300000, 0x0000000085300000|100%| O|  |TAMS 0x0000000085200000| PB 0x0000000085200000| Untracked 
|  41|0x0000000085300000, 0x0000000085400000, 0x0000000085400000|100%| O|  |TAMS 0x0000000085300000| PB 0x0000000085300000| Untracked 
|  42|0x0000000085400000, 0x0000000085500000, 0x0000000085500000|100%| O|  |TAMS 0x0000000085400000| PB 0x0000000085400000| Untracked 
|  43|0x0000000085500000, 0x00000000855b0f60, 0x0000000085600000| 69%| O|  |TAMS 0x0000000085500000| PB 0x0000000085500000| Untracked 
|  44|0x0000000085600000, 0x0000000085600000, 0x0000000085700000|  0%| F|  |TAMS 0x0000000085600000| PB 0x0000000085600000| Untracked 
|  45|0x0000000085700000, 0x0000000085700000, 0x0000000085800000|  0%| F|  |TAMS 0x0000000085700000| PB 0x0000000085700000| Untracked 
|  46|0x0000000085800000, 0x0000000085800000, 0x0000000085900000|  0%| F|  |TAMS 0x0000000085800000| PB 0x0000000085800000| Untracked 
|  47|0x0000000085900000, 0x0000000085900000, 0x0000000085a00000|  0%| F|  |TAMS 0x0000000085900000| PB 0x0000000085900000| Untracked 
|  48|0x0000000085a00000, 0x0000000085a00000, 0x0000000085b00000|  0%| F|  |TAMS 0x0000000085a00000| PB 0x0000000085a00000| Untracked 
|  49|0x0000000085b00000, 0x0000000085b00000, 0x0000000085c00000|  0%| F|  |TAMS 0x0000000085b00000| PB 0x0000000085b00000| Untracked 
|  50|0x0000000085c00000, 0x0000000085c00000, 0x0000000085d00000|  0%| F|  |TAMS 0x0000000085c00000| PB 0x0000000085c00000| Untracked 
|  51|0x0000000085d00000, 0x0000000085d00000, 0x0000000085e00000|  0%| F|  |TAMS 0x0000000085d00000| PB 0x0000000085d00000| Untracked 
|  52|0x0000000085e00000, 0x0000000085e00000, 0x0000000085f00000|  0%| F|  |TAMS 0x0000000085e00000| PB 0x0000000085e00000| Untracked 
|  53|0x0000000085f00000, 0x0000000085f00000, 0x0000000086000000|  0%| F|  |TAMS 0x0000000085f00000| PB 0x0000000085f00000| Untracked 
|  54|0x0000000086000000, 0x0000000086000000, 0x0000000086100000|  0%| F|  |TAMS 0x0000000086000000| PB 0x0000000086000000| Untracked 
|  55|0x0000000086100000, 0x0000000086200000, 0x0000000086200000|100%| S|CS|TAMS 0x0000000086100000| PB 0x0000000086100000| Complete 
|  56|0x0000000086200000, 0x0000000086300000, 0x0000000086300000|100%| S|CS|TAMS 0x0000000086200000| PB 0x0000000086200000| Complete 
|  57|0x0000000086300000, 0x0000000086400000, 0x0000000086400000|100%| S|CS|TAMS 0x0000000086300000| PB 0x0000000086300000| Complete 
|  58|0x0000000086400000, 0x0000000086400000, 0x0000000086500000|  0%| F|  |TAMS 0x0000000086400000| PB 0x0000000086400000| Untracked 
|  59|0x0000000086500000, 0x0000000086500000, 0x0000000086600000|  0%| F|  |TAMS 0x0000000086500000| PB 0x0000000086500000| Untracked 
|  60|0x0000000086600000, 0x0000000086600000, 0x0000000086700000|  0%| F|  |TAMS 0x0000000086600000| PB 0x0000000086600000| Untracked 
|  61|0x0000000086700000, 0x0000000086700000, 0x0000000086800000|  0%| F|  |TAMS 0x0000000086700000| PB 0x0000000086700000| Untracked 
|  62|0x0000000086800000, 0x0000000086900000, 0x0000000086900000|100%| E|  |TAMS 0x0000000086800000| PB 0x0000000086800000| Complete 
|  63|0x0000000086900000, 0x0000000086a00000, 0x0000000086a00000|100%| E|CS|TAMS 0x0000000086900000| PB 0x0000000086900000| Complete 
|  64|0x0000000086a00000, 0x0000000086b00000, 0x0000000086b00000|100%| E|CS|TAMS 0x0000000086a00000| PB 0x0000000086a00000| Complete 
|  65|0x0000000086b00000, 0x0000000086c00000, 0x0000000086c00000|100%| E|CS|TAMS 0x0000000086b00000| PB 0x0000000086b00000| Complete 
|  66|0x0000000086c00000, 0x0000000086d00000, 0x0000000086d00000|100%| E|CS|TAMS 0x0000000086c00000| PB 0x0000000086c00000| Complete 
|  67|0x0000000086d00000, 0x0000000086e00000, 0x0000000086e00000|100%| E|CS|TAMS 0x0000000086d00000| PB 0x0000000086d00000| Complete 
|  68|0x0000000086e00000, 0x0000000086f00000, 0x0000000086f00000|100%| E|CS|TAMS 0x0000000086e00000| PB 0x0000000086e00000| Complete 
|  69|0x0000000086f00000, 0x0000000087000000, 0x0000000087000000|100%| E|CS|TAMS 0x0000000086f00000| PB 0x0000000086f00000| Complete 
|  70|0x0000000087000000, 0x0000000087100000, 0x0000000087100000|100%| E|CS|TAMS 0x0000000087000000| PB 0x0000000087000000| Complete 
| 105|0x0000000089300000, 0x0000000089400000, 0x0000000089400000|100%| E|CS|TAMS 0x0000000089300000| PB 0x0000000089300000| Complete 
| 106|0x0000000089400000, 0x0000000089500000, 0x0000000089500000|100%| E|CS|TAMS 0x0000000089400000| PB 0x0000000089400000| Complete 
| 107|0x0000000089500000, 0x0000000089600000, 0x0000000089600000|100%| E|CS|TAMS 0x0000000089500000| PB 0x0000000089500000| Complete 
| 108|0x0000000089600000, 0x0000000089700000, 0x0000000089700000|100%| E|CS|TAMS 0x0000000089600000| PB 0x0000000089600000| Complete 
| 109|0x0000000089700000, 0x0000000089800000, 0x0000000089800000|100%| E|CS|TAMS 0x0000000089700000| PB 0x0000000089700000| Complete 
| 110|0x0000000089800000, 0x0000000089900000, 0x0000000089900000|100%| E|CS|TAMS 0x0000000089800000| PB 0x0000000089800000| Complete 
| 111|0x0000000089900000, 0x0000000089a00000, 0x0000000089a00000|100%| E|CS|TAMS 0x0000000089900000| PB 0x0000000089900000| Complete 
| 112|0x0000000089a00000, 0x0000000089b00000, 0x0000000089b00000|100%| E|CS|TAMS 0x0000000089a00000| PB 0x0000000089a00000| Complete 
| 125|0x000000008a700000, 0x000000008a800000, 0x000000008a800000|100%| E|CS|TAMS 0x000000008a700000| PB 0x000000008a700000| Complete 

Card table byte_map: [0x00000229f2b20000,0x00000229f2f10000] _byte_map_base: 0x00000229f270b000

Marking Bits: (CMBitMap*) 0x00000229d90497a0
 Bits: [0x00000229f2f10000, 0x00000229f4e68000)

Polling page: 0x00000229d90a0000

Metaspace:

Usage:
  Non-class:     71.56 MB used.
      Class:     10.92 MB used.
       Both:     82.48 MB used.

Virtual space:
  Non-class space:      128.00 MB reserved,      72.00 MB ( 56%) committed,  2 nodes.
      Class space:        1.00 GB reserved,      11.25 MB (  1%) committed,  1 nodes.
             Both:        1.12 GB reserved,      83.25 MB (  7%) committed. 

Chunk freelists:
   Non-Class:  7.47 MB
       Class:  4.64 MB
        Both:  12.11 MB

MaxMetaspaceSize: unlimited
CompressedClassSpaceSize: 1.00 GB
Initial GC threshold: 21.00 MB
Current GC threshold: 125.88 MB
CDS: on
 - commit_granule_bytes: 65536.
 - commit_granule_words: 8192.
 - virtual_space_node_default_size: 8388608.
 - enlarge_chunks_in_place: 1.
 - use_allocation_guard: 0.


Internal statistics:

num_allocs_failed_limit: 11.
num_arena_births: 1086.
num_arena_deaths: 0.
num_vsnodes_births: 3.
num_vsnodes_deaths: 0.
num_space_committed: 1332.
num_space_uncommitted: 0.
num_chunks_returned_to_freelist: 11.
num_chunks_taken_from_freelist: 4188.
num_chunk_merges: 11.
num_chunk_splits: 3021.
num_chunks_enlarged: 2335.
num_inconsistent_stats: 0.

CodeHeap 'non-profiled nmethods': size=120000Kb used=5414Kb max_used=5601Kb free=114585Kb
 bounds [0x00000229ea780000, 0x00000229ead00000, 0x00000229f1cb0000]
CodeHeap 'profiled nmethods': size=120000Kb used=14651Kb max_used=14651Kb free=105348Kb
 bounds [0x00000229e2cb0000, 0x00000229e3b10000, 0x00000229ea1e0000]
CodeHeap 'non-nmethods': size=5760Kb used=1730Kb max_used=1783Kb free=4029Kb
 bounds [0x00000229ea1e0000, 0x00000229ea450000, 0x00000229ea780000]
 total_blobs=8263 nmethods=7508 adapters=656
 compilation: enabled
              stopped_count=0, restarted_count=0
 full_count=0

Compilation events (20 events):
Event: 97.870 Thread 0x00000229f7aa6060 8903 % !   4       org.springframework.util.ReflectionUtils::doWithMethods @ 31 (189 bytes)
Event: 97.875 Thread 0x00000229f7ab3fd0 8908       3       org.springframework.core.MethodParameter::getMethodAnnotations (14 bytes)
Event: 97.875 Thread 0x00000229f7ab3fd0 nmethod 8908 0x00000229e3ae4810 code [0x00000229e3ae49e0, 0x00000229e3ae4e08]
Event: 97.875 Thread 0x00000229f7ab3fd0 8909   !   3       org.springframework.beans.factory.support.AbstractBeanFactory::markBeanAsCreated (55 bytes)
Event: 97.876 Thread 0x00000229c1dd0980 8906 %     4       org.springframework.util.ReflectionUtils::findMethod @ 51 (109 bytes)
Event: 97.876 Thread 0x00000229f7ab3fd0 nmethod 8909 0x00000229e3ae4f90 code [0x00000229e3ae51e0, 0x00000229e3ae5be8]
Event: 97.877 Thread 0x00000229f7ab3fd0 8910       3       org.springframework.beans.factory.support.DefaultListableBeanFactory::checkMergedBeanDefinition (75 bytes)
Event: 97.877 Thread 0x00000229f7ab3fd0 nmethod 8910 0x00000229e3ae6010 code [0x00000229e3ae6260, 0x00000229e3ae6c18]
Event: 97.877 Thread 0x00000229f7ab3fd0 8911   !   3       org.springframework.beans.factory.support.DefaultSingletonBeanRegistry::getSingleton (1299 bytes)
Event: 97.912 Thread 0x00000229f7ab3fd0 nmethod 8911 0x00000229e3ae6f90 code [0x00000229e3ae7cc0, 0x00000229e3af0410]
Event: 97.912 Thread 0x00000229f7ab3fd0 8913       2       java.util.RegularEnumSet::add (40 bytes)
Event: 97.913 Thread 0x00000229f7ab3fd0 nmethod 8913 0x00000229e3af4a10 code [0x00000229e3af4bc0, 0x00000229e3af4d40]
Event: 97.913 Thread 0x00000229f7ab3fd0 8912   !   3       org.springframework.beans.factory.support.AbstractAutowireCapableBeanFactory::createBean (214 bytes)
Event: 97.917 Thread 0x00000229f7ab3fd0 nmethod 8912 0x00000229e3af4e10 code [0x00000229e3af5200, 0x00000229e3af7468]
Event: 97.917 Thread 0x00000229f7ab3fd0 8914       1       org.springframework.beans.factory.support.ConstructorResolver$ConstructorDependencyDescriptor::usesStandardBeanLookup (2 bytes)
Event: 97.917 Thread 0x00000229f7ab3fd0 nmethod 8914 0x00000229eab69f10 code [0x00000229eab6a0a0, 0x00000229eab6a168]
Event: 98.136 Thread 0x00000229c1dd0980 nmethod 8906% 0x00000229eab0fb10 code [0x00000229eab10400, 0x00000229eab15f88]
Event: 98.137 Thread 0x00000229c1dd0980 8904       4       org.springframework.core.annotation.AnnotationsScanner::getDeclaredAnnotations (166 bytes)
Event: 98.165 Thread 0x00000229f7aa6060 nmethod 8903% 0x00000229eaaf9590 code [0x00000229eaaf9f20, 0x00000229eab00318]
Event: 98.166 Thread 0x00000229f7aa6060 8907   !   4       org.springframework.util.ReflectionUtils::getDeclaredMethods (186 bytes)

GC Heap History (20 events):
Event: 70.978 GC heap before
{Heap before GC invocations=13 (full 0):
 garbage-first heap   total 75776K, used 66561K [0x0000000082a00000, 0x0000000100000000)
  region size 1024K, 33 young (33792K), 3 survivors (3072K)
 Metaspace       used 50962K, committed 51648K, reserved 1114112K
  class space    used 6721K, committed 7040K, reserved 1048576K
}
Event: 70.987 GC heap after
{Heap after GC invocations=14 (full 0):
 garbage-first heap   total 75776K, used 37317K [0x0000000082a00000, 0x0000000100000000)
  region size 1024K, 4 young (4096K), 4 survivors (4096K)
 Metaspace       used 50962K, committed 51648K, reserved 1114112K
  class space    used 6721K, committed 7040K, reserved 1048576K
}
Event: 79.517 GC heap before
{Heap before GC invocations=14 (full 0):
 garbage-first heap   total 75776K, used 65989K [0x0000000082a00000, 0x0000000100000000)
  region size 1024K, 32 young (32768K), 4 survivors (4096K)
 Metaspace       used 58571K, committed 59264K, reserved 1114112K
  class space    used 7679K, committed 8000K, reserved 1048576K
}
Event: 79.526 GC heap after
{Heap after GC invocations=15 (full 0):
 garbage-first heap   total 75776K, used 39780K [0x0000000082a00000, 0x0000000100000000)
  region size 1024K, 4 young (4096K), 4 survivors (4096K)
 Metaspace       used 58571K, committed 59264K, reserved 1114112K
  class space    used 7679K, committed 8000K, reserved 1048576K
}
Event: 79.922 GC heap before
{Heap before GC invocations=15 (full 0):
 garbage-first heap   total 75776K, used 44900K [0x0000000082a00000, 0x0000000100000000)
  region size 1024K, 10 young (10240K), 4 survivors (4096K)
 Metaspace       used 59461K, committed 60096K, reserved 1114112K
  class space    used 7768K, committed 8064K, reserved 1048576K
}
Event: 79.926 GC heap after
{Heap after GC invocations=16 (full 0):
 garbage-first heap   total 75776K, used 40415K [0x0000000082a00000, 0x0000000100000000)
  region size 1024K, 1 young (1024K), 1 survivors (1024K)
 Metaspace       used 59461K, committed 60096K, reserved 1114112K
  class space    used 7768K, committed 8064K, reserved 1048576K
}
Event: 83.639 GC heap before
{Heap before GC invocations=17 (full 0):
 garbage-first heap   total 75776K, used 69087K [0x0000000082a00000, 0x0000000100000000)
  region size 1024K, 29 young (29696K), 1 survivors (1024K)
 Metaspace       used 67312K, committed 68032K, reserved 1114112K
  class space    used 8999K, committed 9344K, reserved 1048576K
}
Event: 83.643 GC heap after
{Heap after GC invocations=18 (full 0):
 garbage-first heap   total 75776K, used 41390K [0x0000000082a00000, 0x0000000100000000)
  region size 1024K, 2 young (2048K), 2 survivors (2048K)
 Metaspace       used 67312K, committed 68032K, reserved 1114112K
  class space    used 8999K, committed 9344K, reserved 1048576K
}
Event: 86.719 GC heap before
{Heap before GC invocations=18 (full 0):
 garbage-first heap   total 75776K, used 68014K [0x0000000082a00000, 0x0000000100000000)
  region size 1024K, 28 young (28672K), 2 survivors (2048K)
 Metaspace       used 70306K, committed 71040K, reserved 1114112K
  class space    used 9401K, committed 9728K, reserved 1048576K
}
Event: 86.727 GC heap after
{Heap after GC invocations=19 (full 0):
 garbage-first heap   total 75776K, used 41300K [0x0000000082a00000, 0x0000000100000000)
  region size 1024K, 3 young (3072K), 3 survivors (3072K)
 Metaspace       used 70306K, committed 71040K, reserved 1114112K
  class space    used 9401K, committed 9728K, reserved 1048576K
}
Event: 89.991 GC heap before
{Heap before GC invocations=19 (full 0):
 garbage-first heap   total 75776K, used 65876K [0x0000000082a00000, 0x0000000100000000)
  region size 1024K, 28 young (28672K), 3 survivors (3072K)
 Metaspace       used 74759K, committed 75520K, reserved 1179648K
  class space    used 9974K, committed 10304K, reserved 1048576K
}
Event: 90.001 GC heap after
{Heap after GC invocations=20 (full 0):
 garbage-first heap   total 75776K, used 43069K [0x0000000082a00000, 0x0000000100000000)
  region size 1024K, 4 young (4096K), 4 survivors (4096K)
 Metaspace       used 74759K, committed 75520K, reserved 1179648K
  class space    used 9974K, committed 10304K, reserved 1048576K
}
Event: 91.206 GC heap before
{Heap before GC invocations=21 (full 0):
 garbage-first heap   total 75776K, used 65597K [0x0000000082a00000, 0x0000000100000000)
  region size 1024K, 26 young (26624K), 4 survivors (4096K)
 Metaspace       used 75400K, committed 76096K, reserved 1179648K
  class space    used 10107K, committed 10432K, reserved 1048576K
}
Event: 91.215 GC heap after
{Heap after GC invocations=22 (full 0):
 garbage-first heap   total 75776K, used 44685K [0x0000000082a00000, 0x0000000100000000)
  region size 1024K, 4 young (4096K), 4 survivors (4096K)
 Metaspace       used 75400K, committed 76096K, reserved 1179648K
  class space    used 10107K, committed 10432K, reserved 1048576K
}
Event: 91.960 GC heap before
{Heap before GC invocations=22 (full 0):
 garbage-first heap   total 75776K, used 65165K [0x0000000082a00000, 0x0000000100000000)
  region size 1024K, 24 young (24576K), 4 survivors (4096K)
 Metaspace       used 76368K, committed 77120K, reserved 1179648K
  class space    used 10222K, committed 10560K, reserved 1048576K
}
Event: 91.966 GC heap after
{Heap after GC invocations=23 (full 0):
 garbage-first heap   total 75776K, used 45353K [0x0000000082a00000, 0x0000000100000000)
  region size 1024K, 3 young (3072K), 3 survivors (3072K)
 Metaspace       used 76368K, committed 77120K, reserved 1179648K
  class space    used 10222K, committed 10560K, reserved 1048576K
}
Event: 92.262 GC heap before
{Heap before GC invocations=23 (full 0):
 garbage-first heap   total 75776K, used 66857K [0x0000000082a00000, 0x0000000100000000)
  region size 1024K, 24 young (24576K), 3 survivors (3072K)
 Metaspace       used 76567K, committed 77312K, reserved 1179648K
  class space    used 10231K, committed 10560K, reserved 1048576K
}
Event: 92.268 GC heap after
{Heap after GC invocations=24 (full 0):
 garbage-first heap   total 75776K, used 46153K [0x0000000082a00000, 0x0000000100000000)
  region size 1024K, 2 young (2048K), 2 survivors (2048K)
 Metaspace       used 76567K, committed 77312K, reserved 1179648K
  class space    used 10231K, committed 10560K, reserved 1048576K
}
Event: 94.462 GC heap before
{Heap before GC invocations=25 (full 0):
 garbage-first heap   total 81920K, used 67657K [0x0000000082a00000, 0x0000000100000000)
  region size 1024K, 24 young (24576K), 2 survivors (2048K)
 Metaspace       used 80377K, committed 81088K, reserved 1179648K
  class space    used 10608K, committed 10944K, reserved 1048576K
}
Event: 94.467 GC heap after
{Heap after GC invocations=26 (full 0):
 garbage-first heap   total 81920K, used 47811K [0x0000000082a00000, 0x0000000100000000)
  region size 1024K, 3 young (3072K), 3 survivors (3072K)
 Metaspace       used 80377K, committed 81088K, reserved 1179648K
  class space    used 10608K, committed 10944K, reserved 1048576K
}

Dll operation events (11 events):
Event: 0.039 Loaded shared library C:\Program Files\Java\jdk-21.0.11\bin\java.dll
Event: 0.182 Loaded shared library C:\Program Files\Java\jdk-21.0.11\bin\jsvml.dll
Event: 0.484 Loaded shared library C:\Program Files\Java\jdk-21.0.11\bin\net.dll
Event: 0.493 Loaded shared library C:\Program Files\Java\jdk-21.0.11\bin\nio.dll
Event: 0.501 Loaded shared library C:\Program Files\Java\jdk-21.0.11\bin\zip.dll
Event: 1.330 Loaded shared library C:\Program Files\Java\jdk-21.0.11\bin\jimage.dll
Event: 3.020 Loaded shared library C:\Program Files\Java\jdk-21.0.11\bin\management.dll
Event: 3.082 Loaded shared library C:\Program Files\Java\jdk-21.0.11\bin\management_ext.dll
Event: 11.045 Loaded shared library C:\Program Files\Java\jdk-21.0.11\bin\sunmscapi.dll
Event: 47.182 Loaded shared library C:\Program Files\Java\jdk-21.0.11\bin\verify.dll
Event: 74.664 Loaded shared library C:\Program Files\Java\jdk-21.0.11\bin\extnet.dll

Deoptimization events (20 events):
Event: 94.891 Thread 0x00000229fc5d5c30 Uncommon trap: trap_request=0xffffff45 fr.pc=0x00000229ea9a9164 relative=0x0000000000000124
Event: 94.891 Thread 0x00000229fc5d5c30 Uncommon trap: reason=unstable_if action=reinterpret pc=0x00000229ea9a9164 method=java.lang.reflect.AccessibleObject.checkAccess(Ljava/lang/Class;Ljava/lang/Class;Ljava/lang/Class;I)V @ 9 c2
Event: 94.891 Thread 0x00000229fc5d5c30 DEOPT PACKING pc=0x00000229ea9a9164 sp=0x000000e1cf9f9b00
Event: 94.891 Thread 0x00000229fc5d5c30 DEOPT UNPACKING pc=0x00000229ea2346a2 sp=0x000000e1cf9f9ab0 mode 2
Event: 94.910 Thread 0x00000229fc5d5c30 Uncommon trap: trap_request=0xffffff45 fr.pc=0x00000229eaa31260 relative=0x0000000000000820
Event: 94.910 Thread 0x00000229fc5d5c30 Uncommon trap: reason=unstable_if action=reinterpret pc=0x00000229eaa31260 method=java.util.regex.Pattern$CharPropertyGreedy.match(Ljava/util/regex/Matcher;ILjava/lang/CharSequence;)Z @ 69 c2
Event: 94.910 Thread 0x00000229fc5d5c30 DEOPT PACKING pc=0x00000229eaa31260 sp=0x000000e1cf9fa4a0
Event: 94.910 Thread 0x00000229fc5d5c30 DEOPT UNPACKING pc=0x00000229ea2346a2 sp=0x000000e1cf9fa478 mode 2
Event: 94.930 Thread 0x00000229fc5d5c30 Uncommon trap: trap_request=0xffffff45 fr.pc=0x00000229ea8f4ed0 relative=0x00000000000002f0
Event: 94.930 Thread 0x00000229fc5d5c30 Uncommon trap: reason=unstable_if action=reinterpret pc=0x00000229ea8f4ed0 method=java.io.WinNTFileSystem.prefixLength(Ljava/lang/String;)I @ 42 c2
Event: 94.930 Thread 0x00000229fc5d5c30 DEOPT PACKING pc=0x00000229ea8f4ed0 sp=0x000000e1cf9fa6d0
Event: 94.930 Thread 0x00000229fc5d5c30 DEOPT UNPACKING pc=0x00000229ea2346a2 sp=0x000000e1cf9fa658 mode 2
Event: 96.008 Thread 0x00000229fc5d5c30 Uncommon trap: trap_request=0xffffff45 fr.pc=0x00000229ea97661c relative=0x00000000000005bc
Event: 96.008 Thread 0x00000229fc5d5c30 Uncommon trap: reason=unstable_if action=reinterpret pc=0x00000229ea97661c method=java.util.EnumSet.noneOf(Ljava/lang/Class;)Ljava/util/EnumSet; @ 40 c2
Event: 96.008 Thread 0x00000229fc5d5c30 DEOPT PACKING pc=0x00000229ea97661c sp=0x000000e1cf9faaf0
Event: 96.008 Thread 0x00000229fc5d5c30 DEOPT UNPACKING pc=0x00000229ea2346a2 sp=0x000000e1cf9faae0 mode 2
Event: 97.880 Thread 0x00000229fc5d5c30 Uncommon trap: trap_request=0xffffffc6 fr.pc=0x00000229ea99c604 relative=0x0000000000001684
Event: 97.880 Thread 0x00000229fc5d5c30 Uncommon trap: reason=bimorphic_or_optimized_type_check action=maybe_recompile pc=0x00000229ea99c604 method=org.springframework.core.annotation.TypeMappedAnnotation.getValue(IZZ)Ljava/lang/Object; @ 121 c2
Event: 97.880 Thread 0x00000229fc5d5c30 DEOPT PACKING pc=0x00000229ea99c604 sp=0x000000e1cf9fb260
Event: 97.880 Thread 0x00000229fc5d5c30 DEOPT UNPACKING pc=0x00000229ea2346a2 sp=0x000000e1cf9fb218 mode 2

Classes loaded (20 events):
Event: 94.894 Loading class java/nio/ShortBuffer
Event: 94.905 Loading class java/nio/ShortBuffer done
Event: 94.905 Loading class java/nio/FloatBuffer
Event: 94.907 Loading class java/nio/FloatBuffer done
Event: 94.907 Loading class java/nio/DoubleBuffer
Event: 94.909 Loading class java/nio/DoubleBuffer done
Event: 95.335 Loading class java/util/concurrent/Executors$DelegatedScheduledExecutorService
Event: 95.338 Loading class java/util/concurrent/Executors$DelegatedExecutorService
Event: 95.341 Loading class java/util/concurrent/Executors$DelegatedExecutorService done
Event: 95.341 Loading class java/util/concurrent/Executors$DelegatedScheduledExecutorService done
Event: 95.462 Loading class jdk/jfr/Event
Event: 95.513 Loading class jdk/jfr/Event done
Event: 95.843 Loading class java/util/concurrent/locks/AbstractQueuedSynchronizer$SharedNode
Event: 95.856 Loading class java/util/concurrent/locks/AbstractQueuedSynchronizer$SharedNode done
Event: 96.008 Loading class java/util/JumboEnumSet
Event: 96.030 Loading class java/util/JumboEnumSet done
Event: 97.006 Loading class java/util/function/IntSupplier
Event: 97.007 Loading class java/util/function/IntSupplier done
Event: 97.012 Loading class java/util/function/LongFunction
Event: 97.013 Loading class java/util/function/LongFunction done

Classes unloaded (0 events):
No events

Classes redefined (0 events):
No events

Internal exceptions (20 events):
Event: 86.529 Thread 0x00000229fc5d5c30 Implicit null exception at 0x00000229ea8546c4 to 0x00000229ea854840
Event: 86.634 Thread 0x00000229fc5d5c30 Exception <a 'java/lang/NoSuchMethodError'{0x0000000085a03f20}: 'java.lang.Object java.lang.invoke.DirectMethodHandle$Holder.newInvokeSpecial(java.lang.Object, java.lang.Object, int, java.lang.Object, int, java.lang.Object, java.lang.Object)'> (0x0000000085a03f20) 
thrown [s\open\src\hotspot\share\interpreter\linkResolver.cpp, line 773]
Event: 88.656 Thread 0x00000229fc5d5c30 Exception <a 'java/lang/NoSuchMethodError'{0x000000008974fde8}: 'java.lang.Object java.lang.invoke.DirectMethodHandle$Holder.invokeSpecial(java.lang.Object, java.lang.Object, int, java.lang.Object, int)'> (0x000000008974fde8) 
thrown [s\open\src\hotspot\share\interpreter\linkResolver.cpp, line 773]
Event: 88.874 Thread 0x00000229fc5d5c30 Implicit null exception at 0x00000229eac455d6 to 0x00000229eac47124
Event: 88.890 Thread 0x00000229fc5d5c30 Exception <a 'java/lang/IncompatibleClassChangeError'{0x00000000868c99b8}: Found class java.lang.Object, but interface was expected> (0x00000000868c99b8) 
thrown [s\open\src\hotspot\share\interpreter\linkResolver.cpp, line 840]
Event: 88.960 Thread 0x00000229fc5d5c30 Implicit null exception at 0x00000229eac4f817 to 0x00000229eac4fa90
Event: 89.033 Thread 0x00000229fc5d5c30 Exception <a 'java/lang/IncompatibleClassChangeError'{0x0000000086549108}: Found class java.lang.Object, but interface was expected> (0x0000000086549108) 
thrown [s\open\src\hotspot\share\interpreter\linkResolver.cpp, line 840]
Event: 89.358 Thread 0x00000229fc5d5c30 Exception <a 'java/lang/IncompatibleClassChangeError'{0x0000000086127e30}: Found class java.lang.Object, but interface was expected> (0x0000000086127e30) 
thrown [s\open\src\hotspot\share\interpreter\linkResolver.cpp, line 840]
Event: 89.764 Thread 0x00000229fc5d5c30 Exception <a 'java/lang/IncompatibleClassChangeError'{0x0000000085c3c3a8}: Found class java.lang.Object, but interface was expected> (0x0000000085c3c3a8) 
thrown [s\open\src\hotspot\share\interpreter\linkResolver.cpp, line 840]
Event: 89.767 Thread 0x00000229fc5d5c30 Exception <a 'java/lang/IncompatibleClassChangeError'{0x0000000085c41b50}: Found class java.lang.Object, but interface was expected> (0x0000000085c41b50) 
thrown [s\open\src\hotspot\share\interpreter\linkResolver.cpp, line 840]
Event: 89.973 Thread 0x00000229fc5d5c30 Exception <a 'java/lang/NoSuchMethodError'{0x0000000085bdfbd0}: 'java.lang.Object java.lang.invoke.DirectMethodHandle$Holder.invokeStatic(java.lang.Object, int, java.lang.Object)'> (0x0000000085bdfbd0) 
thrown [s\open\src\hotspot\share\interpreter\linkResolver.cpp, line 773]
Event: 90.646 Thread 0x00000229fc5d5c30 Exception <a 'java/lang/NoSuchMethodError'{0x0000000086602d68}: 'long java.lang.invoke.DirectMethodHandle$Holder.invokeVirtual(java.lang.Object, java.lang.Object)'> (0x0000000086602d68) 
thrown [s\open\src\hotspot\share\interpreter\linkResolver.cpp, line 773]
Event: 90.663 Thread 0x00000229fc5d5c30 Exception <a 'java/io/FileNotFoundException'{0x000000008662a088}> (0x000000008662a088) 
thrown [s\open\src\hotspot\share\prims\jni.cpp, line 520]
Event: 91.344 Thread 0x00000229fc5d5c30 Exception <a 'java/lang/NoSuchMethodError'{0x0000000089abdcf8}: 'java.lang.Object java.lang.invoke.DirectMethodHandle$Holder.newInvokeSpecial(java.lang.Object, java.lang.Object, java.lang.Object, java.lang.Object, java.lang.Object, java.lang.Object, java.lang.Object, java.lang.Object)'> (0x0000000089abdcf8) 
thrown [s\open\src\hotspot\share\interpreter\linkResolver.cpp, line 773]
Event: 91.390 Thread 0x00000229fc5d5c30 Exception <a 'java/lang/NoSuchMethodError'{0x0000000089935020}: 'int java.lang.invoke.DirectMethodHandle$Holder.invokeStaticInit(java.lang.Object, int, java.lang.Object, java.lang.Object, java.lang.Object, java.lang.Object)'> (0x0000000089935020) 
thrown [s\open\src\hotspot\share\interpreter\linkResolver.cpp, line 773]
Event: 92.406 Thread 0x00000229fc5d5c30 Exception <a 'java/lang/NoSuchMethodError'{0x000000008937f198}: 'java.lang.Object java.lang.invoke.DirectMethodHandle$Holder.newInvokeSpecial(java.lang.Object, java.lang.Object, java.lang.Object, java.lang.Object, java.lang.Object, java.lang.Object, java.lang.Object, java.lang.Object, java.lang.Object, java.lang.Object, java.lang.Object)'> (0x000000008937f198) 
thrown [s\open\src\hotspot\share\interpreter\linkResolver.cpp, line 773]
Event: 92.414 Thread 0x00000229fc5d5c30 Exception <a 'java/lang/NoSuchMethodError'{0x00000000893bde68}: 'java.lang.Object java.lang.invoke.DirectMethodHandle$Holder.invokeStatic(java.lang.Object, java.lang.Object, java.lang.Object, java.lang.Object, java.lang.Object, java.lang.Object, java.lang.Object, java.lang.Object, java.lang.Object, java.lang.Object, java.lang.Object, java.lang.Object, java.lang.Object)'> (0x00000000893bde68) 
thrown [s\open\src\hotspot\share\interpreter\linkResolver.cpp, line 773]
Event: 92.417 Thread 0x00000229fc5d5c30 Exception <a 'java/lang/NoSuchMethodError'{0x00000000893dbd80}: 'java.lang.Object java.lang.invoke.DirectMethodHandle$Holder.invokeStatic(java.lang.Object, java.lang.Object, java.lang.Object, java.lang.Object, java.lang.Object, java.lang.Object, java.lang.Object, java.lang.Object, java.lang.Object, java.lang.Object, java.lang.Object, java.lang.Object, java.lang.Object, java.lang.Object)'> (0x00000000893dbd80) 
thrown [s\open\src\hotspot\share\interpreter\linkResolver.cpp, line 773]
Event: 92.639 Thread 0x00000229fc5d5c30 Exception <a 'java/lang/NoSuchMethodError'{0x0000000086cc6ff8}: 'java.lang.Object java.lang.invoke.DirectMethodHandle$Holder.invokeStaticInit(java.lang.Object, java.lang.Object, int)'> (0x0000000086cc6ff8) 
thrown [s\open\src\hotspot\share\interpreter\linkResolver.cpp, line 773]
Event: 97.014 Thread 0x00000229fc5d5c30 Exception <a 'java/lang/NoSuchMethodError'{0x0000000086f83708}: 'java.lang.Object java.lang.invoke.DirectMethodHandle$Holder.invokeStaticInit(java.lang.Object, long)'> (0x0000000086f83708) 
thrown [s\open\src\hotspot\share\interpreter\linkResolver.cpp, line 773]

ZGC Phase Switch (0 events):
No events

VM Operations (20 events):
Event: 92.962 Executing VM operation: HandshakeAllThreads (Deoptimize)
Event: 92.962 Executing VM operation: HandshakeAllThreads (Deoptimize) done
Event: 93.966 Executing VM operation: Cleanup
Event: 94.076 Executing VM operation: Cleanup done
Event: 94.437 Executing VM operation: HandshakeAllThreads (Deoptimize)
Event: 94.437 Executing VM operation: HandshakeAllThreads (Deoptimize) done
Event: 94.462 Executing VM operation: G1CollectForAllocation (G1 Evacuation Pause)
Event: 94.468 Executing VM operation: G1CollectForAllocation (G1 Evacuation Pause) done
Event: 95.477 Executing VM operation: Cleanup
Event: 95.526 Executing VM operation: Cleanup done
Event: 95.782 Executing VM operation: HandshakeAllThreads (Deoptimize)
Event: 95.782 Executing VM operation: HandshakeAllThreads (Deoptimize) done
Event: 96.031 Executing VM operation: HandshakeAllThreads (Deoptimize)
Event: 96.031 Executing VM operation: HandshakeAllThreads (Deoptimize) done
Event: 96.033 Executing VM operation: HandshakeAllThreads (Deoptimize)
Event: 96.033 Executing VM operation: HandshakeAllThreads (Deoptimize) done
Event: 97.034 Executing VM operation: Cleanup
Event: 97.034 Executing VM operation: Cleanup done
Event: 98.039 Executing VM operation: Cleanup
Event: 98.040 Executing VM operation: Cleanup done

Events (20 events):
Event: 92.338 Thread 0x00000229f77332e0 flushing nmethod 0x00000229e2de4d90
Event: 92.338 Thread 0x00000229f77332e0 flushing nmethod 0x00000229e2de5190
Event: 92.338 Thread 0x00000229f77332e0 flushing nmethod 0x00000229e2df2e10
Event: 92.338 Thread 0x00000229f77332e0 flushing nmethod 0x00000229e2e09310
Event: 92.338 Thread 0x00000229f77332e0 flushing nmethod 0x00000229e2e6e590
Event: 92.338 Thread 0x00000229f77332e0 flushing nmethod 0x00000229e2e94e10
Event: 92.338 Thread 0x00000229f77332e0 flushing nmethod 0x00000229e2e97610
Event: 92.338 Thread 0x00000229f77332e0 flushing nmethod 0x00000229e319c310
Event: 92.338 Thread 0x00000229f77332e0 flushing nmethod 0x00000229e3220410
Event: 92.338 Thread 0x00000229f77332e0 flushing nmethod 0x00000229e3223890
Event: 92.338 Thread 0x00000229f77332e0 flushing nmethod 0x00000229e3360110
Event: 92.338 Thread 0x00000229f77332e0 flushing nmethod 0x00000229e3395b10
Event: 92.338 Thread 0x00000229f77332e0 flushing nmethod 0x00000229e3753e10
Event: 92.338 Thread 0x00000229f77332e0 flushing nmethod 0x00000229e3754710
Event: 92.338 Thread 0x00000229f77332e0 flushing nmethod 0x00000229e379ed90
Event: 92.338 Thread 0x00000229f77332e0 flushing nmethod 0x00000229e3865c10
Event: 92.338 Thread 0x00000229f77332e0 flushing nmethod 0x00000229e3955c90
Event: 94.302 Thread 0x00000229c1562910 Thread added: 0x00000229c1562910
Event: 95.843 Thread 0x00000229c1563630 Thread added: 0x00000229c1563630
Event: 97.875 Thread 0x00000229c1dd0980 Thread added: 0x00000229c1dd0980


Dynamic libraries:
0x00007ff70a930000 - 0x00007ff70a940000 	C:\Program Files\Java\jdk-21.0.11\bin\javaw.exe
0x00007fffaa500000 - 0x00007fffaa766000 	C:\WINDOWS\SYSTEM32\ntdll.dll
0x00007fffa9220000 - 0x00007fffa92e9000 	C:\WINDOWS\System32\KERNEL32.DLL
0x00007fffa7b30000 - 0x00007fffa7f2f000 	C:\WINDOWS\System32\KERNELBASE.dll
0x00007fff7f7e0000 - 0x00007fff7f7f9000 	C:\Program Files\Java\jdk-21.0.11\bin\jli.dll
0x00007fff7dc40000 - 0x00007fff7dc5e000 	C:\Program Files\Java\jdk-21.0.11\bin\VCRUNTIME140.dll
0x00007fffaa1a0000 - 0x00007fffaa25c000 	C:\WINDOWS\System32\ADVAPI32.dll
0x00007fffa9ae0000 - 0x00007fffa9b89000 	C:\WINDOWS\System32\msvcrt.dll
0x00007fffa9960000 - 0x00007fffa9a09000 	C:\WINDOWS\System32\sechost.dll
0x00007fffaa2a0000 - 0x00007fffaa3b8000 	C:\WINDOWS\System32\RPCRT4.dll
0x00007fffa80d0000 - 0x00007fffa821c000 	C:\WINDOWS\System32\ucrtbase.dll
0x00007fffa8250000 - 0x00007fffa8416000 	C:\WINDOWS\System32\USER32.dll
0x00007fffa7a40000 - 0x00007fffa7a67000 	C:\WINDOWS\System32\win32u.dll
0x00007fffaa270000 - 0x00007fffaa29b000 	C:\WINDOWS\System32\GDI32.dll
0x00007fffa67e0000 - 0x00007fffa6a71000 	C:\WINDOWS\WinSxS\amd64_microsoft.windows.common-controls_6595b64144ccf1df_6.0.26100.8972_none_3e0da176e32f9d4b\COMCTL32.dll
0x00007fffa7880000 - 0x00007fffa79a9000 	C:\WINDOWS\System32\gdi32full.dll
0x00007fffa7710000 - 0x00007fffa77b3000 	C:\WINDOWS\System32\msvcp_win.dll
0x00007fffa5630000 - 0x00007fffa563b000 	C:\WINDOWS\SYSTEM32\VERSION.dll
0x00007fffaa160000 - 0x00007fffaa192000 	C:\WINDOWS\System32\IMM32.DLL
0x00007fffa2c50000 - 0x00007fffa2c5c000 	C:\Program Files\Java\jdk-21.0.11\bin\vcruntime140_1.dll
0x00007fff720a0000 - 0x00007fff7212d000 	C:\Program Files\Java\jdk-21.0.11\bin\msvcp140.dll
0x00007ffef2c80000 - 0x00007ffef39a8000 	C:\Program Files\Java\jdk-21.0.11\bin\server\jvm.dll
0x00007fffa8600000 - 0x00007fffa8682000 	C:\WINDOWS\System32\WS2_32.dll
0x00007fffa7570000 - 0x00007fffa75ce000 	C:\WINDOWS\SYSTEM32\POWRPROF.dll
0x00007fff94f80000 - 0x00007fff94fb6000 	C:\WINDOWS\SYSTEM32\WINMM.dll
0x00007fffa7550000 - 0x00007fffa7565000 	C:\WINDOWS\SYSTEM32\UMPDC.dll
0x00007fffa5d00000 - 0x00007fffa5d1b000 	C:\WINDOWS\SYSTEM32\kernel.appcore.dll
0x00007fff94fc0000 - 0x00007fff94fca000 	C:\Program Files\Java\jdk-21.0.11\bin\jimage.dll
0x00007fffa6ec0000 - 0x00007fffa7102000 	C:\WINDOWS\SYSTEM32\DBGHELP.DLL
0x00007fffa95d0000 - 0x00007fffa9955000 	C:\WINDOWS\System32\combase.dll
0x00007fffa8690000 - 0x00007fffa8769000 	C:\WINDOWS\System32\OLEAUT32.dll
0x00007fffa6d90000 - 0x00007fffa6dcb000 	C:\WINDOWS\SYSTEM32\dbgcore.DLL
0x00007fffa77c0000 - 0x00007fffa786c000 	C:\WINDOWS\System32\bcryptPrimitives.dll
0x00007fff72040000 - 0x00007fff72061000 	C:\Program Files\Java\jdk-21.0.11\bin\java.dll
0x00007fffa8a00000 - 0x00007fffa9188000 	C:\WINDOWS\System32\SHELL32.dll
0x00007fffa4030000 - 0x00007fffa48cb000 	C:\WINDOWS\SYSTEM32\windows.storage.dll
0x00007fffa92f0000 - 0x00007fffa93e9000 	C:\WINDOWS\System32\SHCORE.dll
0x00007fffa9a70000 - 0x00007fffa9ad6000 	C:\WINDOWS\System32\shlwapi.dll
0x00007fffa7630000 - 0x00007fffa7659000 	C:\WINDOWS\SYSTEM32\profapi.dll
0x00007fff71c00000 - 0x00007fff71cd7000 	C:\Program Files\Java\jdk-21.0.11\bin\jsvml.dll
0x00007fff79710000 - 0x00007fff79721000 	C:\Program Files\Java\jdk-21.0.11\bin\net.dll
0x00007fff9ec40000 - 0x00007fff9ed67000 	C:\WINDOWS\SYSTEM32\WINHTTP.dll
0x00007fffa5940000 - 0x00007fffa59ac000 	C:\WINDOWS\system32\mswsock.dll
0x00007fff74660000 - 0x00007fff74676000 	C:\Program Files\Java\jdk-21.0.11\bin\nio.dll
0x00007fff72020000 - 0x00007fff72038000 	C:\Program Files\Java\jdk-21.0.11\bin\zip.dll
0x00007fff94780000 - 0x00007fff9478a000 	C:\Program Files\Java\jdk-21.0.11\bin\management.dll
0x00007fff8fb30000 - 0x00007fff8fb3c000 	C:\Program Files\Java\jdk-21.0.11\bin\management_ext.dll
0x00007fffaa130000 - 0x00007fffaa138000 	C:\WINDOWS\System32\PSAPI.DLL
0x00007fff8fa30000 - 0x00007fff8fa3e000 	C:\Program Files\Java\jdk-21.0.11\bin\sunmscapi.dll
0x00007fffa7f40000 - 0x00007fffa80be000 	C:\WINDOWS\System32\CRYPT32.dll
0x00007fffa66e0000 - 0x00007fffa6710000 	C:\WINDOWS\SYSTEM32\ncrypt.dll
0x00007fffa6690000 - 0x00007fffa66cf000 	C:\WINDOWS\SYSTEM32\NTASN1.dll
0x00007fff7dc30000 - 0x00007fff7dc40000 	C:\Program Files\Java\jdk-21.0.11\bin\verify.dll
0x00007fffa7210000 - 0x00007fffa722b000 	C:\WINDOWS\SYSTEM32\CRYPTSP.dll
0x00007fffa5330000 - 0x00007fffa5369000 	C:\WINDOWS\system32\rsaenh.dll
0x00007fffa5a00000 - 0x00007fffa5a32000 	C:\WINDOWS\SYSTEM32\USERENV.dll
0x00007fffa7600000 - 0x00007fffa762a000 	C:\WINDOWS\SYSTEM32\bcrypt.dll
0x00007fffa5c80000 - 0x00007fffa5c8c000 	C:\WINDOWS\SYSTEM32\CRYPTBASE.dll
0x00007fffa4d80000 - 0x00007fffa4db3000 	C:\WINDOWS\SYSTEM32\IPHLPAPI.DLL
0x00007fffa8420000 - 0x00007fffa842a000 	C:\WINDOWS\System32\NSI.dll
0x00007fffa4dc0000 - 0x00007fffa4f18000 	C:\WINDOWS\SYSTEM32\DNSAPI.dll
0x00007fffa5740000 - 0x00007fffa574d000 	C:\WINDOWS\SYSTEM32\DSPARSE.dll
0x00007fff9fc50000 - 0x00007fff9fc5b000 	C:\Windows\System32\rasadhlp.dll
0x00007fff9de50000 - 0x00007fff9ded6000 	C:\WINDOWS\System32\fwpuclnt.dll
0x00007fff77780000 - 0x00007fff77789000 	C:\Program Files\Java\jdk-21.0.11\bin\extnet.dll
0x00007fff74e60000 - 0x00007fff74e68000 	C:\WINDOWS\system32\wshunix.dll

dbghelp: loaded successfully - version: 4.0.5 - missing functions: none
symbol engine: initialized successfully - sym options: 0x614 - pdb path: .;C:\Program Files\Java\jdk-21.0.11\bin;C:\WINDOWS\SYSTEM32;C:\WINDOWS\WinSxS\amd64_microsoft.windows.common-controls_6595b64144ccf1df_6.0.26100.8972_none_3e0da176e32f9d4b;C:\Program Files\Java\jdk-21.0.11\bin\server

VM Arguments:
jvm_args: -Dfile.encoding=UTF-8 -Dstdout.encoding=UTF-8 -Dstderr.encoding=UTF-8 -XX:+ShowCodeDetailsInExceptionMessages 
java_command: com.example.cdc_synchronization_engine.CdcSynchronizationEngineApplication
java_class_path (initial): E:\downloadsE\profile\Stackly_office\JAVA & MYSQL notes\Task\cdc Synchronization engine\cdc-synchronization-engine\cdc-synchronization-engine\target\classes;C:\Users\kirus\.m2\repository\org\springframework\boot\spring-boot-starter-web\3.5.6\spring-boot-starter-web-3.5.6.jar;C:\Users\kirus\.m2\repository\org\springframework\boot\spring-boot-starter\3.5.6\spring-boot-starter-3.5.6.jar;C:\Users\kirus\.m2\repository\org\springframework\boot\spring-boot-starter-logging\3.5.6\spring-boot-starter-logging-3.5.6.jar;C:\Users\kirus\.m2\repository\org\apache\logging\log4j\log4j-to-slf4j\2.24.3\log4j-to-slf4j-2.24.3.jar;C:\Users\kirus\.m2\repository\org\apache\logging\log4j\log4j-api\2.24.3\log4j-api-2.24.3.jar;C:\Users\kirus\.m2\repository\org\slf4j\jul-to-slf4j\2.0.17\jul-to-slf4j-2.0.17.jar;C:\Users\kirus\.m2\repository\jakarta\annotation\jakarta.annotation-api\2.1.1\jakarta.annotation-api-2.1.1.jar;C:\Users\kirus\.m2\repository\org\yaml\snakeyaml\2.4\snakeyaml-2.4.jar;C:\Users\kirus\.m2\repository\org\springframework\boot\spring-boot-starter-json\3.5.6\spring-boot-starter-json-3.5.6.jar;C:\Users\kirus\.m2\repository\com\fasterxml\jackson\datatype\jackson-datatype-jdk8\2.19.2\jackson-datatype-jdk8-2.19.2.jar;C:\Users\kirus\.m2\repository\org\springframework\boot\spring-boot-starter-tomcat\3.5.6\spring-boot-starter-tomcat-3.5.6.jar;C:\Users\kirus\.m2\repository\org\apache\tomcat\embed\tomcat-embed-core\10.1.46\tomcat-embed-core-10.1.46.jar;C:\Users\kirus\.m2\repository\org\apache\tomcat\embed\tomcat-embed-websocket\10.1.46\tomcat-embed-websocket-10.1.46.jar;C:\Users\kirus\.m2\repository\org\springframework\spring-web\6.2.11\spring-web-6.2.11.jar;C:\Users\kirus\.m2\repository\org\springframework\spring-beans\6.2.11\spring-beans-6.2.11.jar;C:\Users\kirus\.m2\repository\org\springframework\spring-webmvc\6.2.11\spring-webmvc-6.2.11.jar;C:\Users\kirus\.m2\repository\org\springframework\spring-expression\6.2.11\spring-expression-6.2.11.jar;C:\Users\kirus\.m2\repository\org\springframework\boot\spring-boot-starter-validation\3.5.6\spring-boot-starter-validation-3.5.6.jar;C:\Users\kirus\.m2\repository\org\apache\tomcat\embed\tomcat-embed-el\10.1.46\tomcat-embed-el-10.1.46.jar;C:\Users\kirus\.m2\repository\org\hibernate\validator\hibernate-validator\8.0.3.Final\hibernate-validator-8.0.3.Final.jar;C:\Users\kirus\.m2\repository\jakarta\validation\jakarta.validation-api\3.0.2\jakarta.validation-api-3.0.2.jar;C:\Users\kirus\.m2\repository\org\jboss\logging\jboss-logging\3.6.1.Final\jboss-logging-3.6.1.Final.jar;C:\Users\kirus\.m2\repository\com\fasterxml\classmate\1.7.0\classmate-1.7.0.jar;C:\Users\kirus\.m2\repository\org\springframework\boot\spring-boot-starter-security\3.5.6\spring-boot-starter-security-3.5.6.jar;C:\Users\kirus\.m2\repository\org\springframework\spring-aop\6.2.11\spring-aop-6.2.11.jar;C:\Users\kirus\.m2\repository\org\springframework\security\spring-security-config\6.5.5\spring-security-config-6.5.5.jar;C:\Users\kirus\.m2\repository\org\springframework\security\spring-security-web\6.5.5\spring-security-web-6.5.5.jar;C:\Users\kirus\.m2\repository\org\springframework\boot\spring-boot-starter-data-jpa\3.5.6\spring-boot-starter-data-jpa-3.5.6.jar;C:\Users\kirus\.m2\repository\org\springframework\boot\spring-boot-starter-jdbc\3.5.6\spring-boot-starter-jdbc-3.5.6.jar;C:\Users\kirus\.m2\repository\com\zaxxer\HikariCP\6.3.3\HikariCP-6.3.3.jar;C:\Users\kirus\.m2\repository\org\springframework\spring-jdbc\6.2.11\spring-jdbc-6.2.11.jar;C:\Users\kirus\.m2\repository\org\hibernate\orm\hibernate-core\6.6.29.Final\hibernate-core-6.6.29.Final.jar;C:\Users\kirus\.m2\repository\jakarta\persistence\jakarta.persistence-api\3.1.0\jakarta.persistence-api-3.1.0.jar;C:\Users\kirus\.m2\repository\jakarta\transaction\jakarta.transaction-api\2.0.1\jakarta.transaction-api-2.0.1.jar;C:\Users\kirus\.m2\repository\org\hibernate\common\hibernate-commons-annotations\7.0.3.Final\hibernate-commons-annotations-7.0.3.Final.jar;C:\Users\kirus\.m2\repository\io\smallrye\jandex\3.2.0\jandex-3.2.0.jar;C:\Users\kirus\.m2\repository\org\glassfish\jaxb\jaxb-runtime\4.0.5\jaxb-runtime-4.0.5.jar;C:\Users\kirus\.m2\repository\org\glassfish\jaxb\jaxb-core\4.0.5\jaxb-core-4.0.5.jar;C:\Users\kirus\.m2\repository\org\eclipse\angus\angus-activation\2.0.2\angus-activation-2.0.2.jar;C:\Users\kirus\.m2\repository\org\glassfish\jaxb\txw2\4.0.5\txw2-4.0.5.jar;C:\Users\kirus\.m2\repository\com\sun\istack\istack-commons-runtime\4.1.2\istack-commons-runtime-4.1.2.jar;C:\Users\kirus\.m2\repository\jakarta\inject\jakarta.inject-api\2.0.1\jakarta.inject-api-2.0.1.jar;C:\Users\kirus\.m2\repository\org\antlr\antlr4-runtime\4.13.0\antlr4-runtime-4.13.0.jar;C:\Users\kirus\.m2\repository\org\springframework\data\spring-data-jpa\3.5.4\spring-data-jpa-3.5.4.jar;C:\Users\kirus\.m2\repository\org\springframework\data\spring-data-commons\3.5.4\spring-data-commons-3.5.4.jar;C:\Users\kirus\.m2\repository\org\springframework\spring-orm\6.2.11\spring-orm-6.2.11.jar;C:\Users\kirus\.m2\repository\org\slf4j\slf4j-api\2.0.17\slf4j-api-2.0.17.jar;C:\Users\kirus\.m2\repository\org\springframework\boot\spring-boot-starter-data-redis\3.5.6\spring-boot-starter-data-redis-3.5.6.jar;C:\Users\kirus\.m2\repository\io\lettuce\lettuce-core\6.6.0.RELEASE\lettuce-core-6.6.0.RELEASE.jar;C:\Users\kirus\.m2\repository\redis\clients\authentication\redis-authx-core\0.1.1-beta2\redis-authx-core-0.1.1-beta2.jar;C:\Users\kirus\.m2\repository\io\netty\netty-common\4.1.127.Final\netty-common-4.1.127.Final.jar;C:\Users\kirus\.m2\repository\io\netty\netty-handler\4.1.127.Final\netty-handler-4.1.127.Final.jar;C:\Users\kirus\.m2\repository\io\netty\netty-resolver\4.1.127.Final\netty-resolver-4.1.127.Final.jar;C:\Users\kirus\.m2\repository\io\netty\netty-buffer\4.1.127.Final\netty-buffer-4.1.127.Final.jar;C:\Users\kirus\.m2\repository\io\netty\netty-transport-native-unix-common\4.1.127.Final\netty-transport-native-unix-common-4.1.127.Final.jar;C:\Users\kirus\.m2\repository\io\netty\netty-codec\4.1.127.Final\netty-codec-4.1.127.Final.jar;C:\Users\kirus\.m2\repository\io\netty\netty-transport\4.1.127.Final\netty-transport-4.1.127.Final.jar;C:\Users\kirus\.m2\repository\io\projectreactor\reactor-core\3.7.11\reactor-core-3.7.11.jar;C:\Users\kirus\.m2\repository\org\reactivestreams\reactive-streams\1.0.4\reactive-streams-1.0.4.jar;C:\Users\kirus\.m2\repository\org\springframework\data\spring-data-redis\3.5.4\spring-data-redis-3.5.4.jar;C:\Users\kirus\.m2\repository\org\springframework\data\spring-data-keyvalue\3.5.4\spring-data-keyvalue-3.5.4.jar;C:\Users\kirus\.m2\repository\org\springframework\spring-oxm\6.2.11\spring-oxm-6.2.11.jar;C:\Users\kirus\.m2\repository\org\springframework\boot\spring-boot-starter-data-elasticsearch\3.5.6\spring-boot-starter-data-elasticsearch-3.5.6.jar;C:\Users\kirus\.m2\repository\org\springframework\data\spring-data-elasticsearch\5.5.4\spring-data-elasticsearch-5.5.4.jar;C:\Users\kirus\.m2\repository\org\springframework\boot\spring-boot-starter-cache\3.5.6\spring-boot-starter-cache-3.5.6.jar;C:\Users\kirus\.m2\repository\org\springframework\spring-context-support\6.2.11\spring-context-support-6.2.11.jar;C:\Users\kirus\.m2\repository\org\springframework\boot\spring-boot-starter-actuator\3.5.6\spring-boot-starter-actuator-3.5.6.jar;C:\Users\kirus\.m2\repository\org\springframework\boot\spring-boot-actuator-autoconfigure\3.5.6\spring-boot-actuator-autoconfigure-3.5.6.jar;C:\Users\kirus\.m2\repository\org\springframework\boot\spring-boot-actuator\3.5.6\spring-boot-actuator-3.5.6.jar;C:\Users\kirus\.m2\repository\io\micrometer\micrometer-observation\1.15.4\micrometer-observation-1.15.4.jar;C:\Users\kirus\.m2\repository\io\micrometer\micrometer-commons\1.15.4\micrometer-commons-1.15.4.jar;C:\Users\kirus\.m2\repository\io\micrometer\micrometer-jakarta9\1.15.4\micrometer-jakarta9-1.15.4.jar;C:\Users\kirus\.m2\repository\org\springframework\kafka\spring-kafka\3.3.10\spring-kafka-3.3.10.jar;C:\Users\kirus\.m2\repository\org\springframework\spring-context\6.2.11\spring-context-6.2.11.jar;C:\Users\kirus\.m2\repository\org\springframework\spring-messaging\6.2.11\spring-messaging-6.2.11.jar;C:\Users\kirus\.m2\repository\org\springframework\spring-tx\6.2.11\spring-tx-6.2.11.jar;C:\Users\kirus\.m2\repository\org\apache\kafka\kafka-clients\3.9.1\kafka-clients-3.9.1.jar;C:\Users\kirus\.m2\repository\com\github\luben\zstd-jni\1.5.6-4\zstd-jni-1.5.6-4.jar;C:\Users\kirus\.m2\repository\org\lz4\lz4-java\1.8.0\lz4-java-1.8.0.jar;C:\Users\kirus\.m2\repository\org\xerial\snappy\snappy-java\1.1.10.5\snappy-java-1.1.10.5.jar;C:\Users\kirus\.m2\repository\org\springframework\retry\spring-retry\2.0.12\spring-retry-2.0.12.jar;C:\Users\kirus\.m2\repository\org\springframework\spring-aspects\6.2.11\spring-aspects-6.2.11.jar;C:\Users\kirus\.m2\repository\org\aspectj\aspectjweaver\1.9.24\aspectjweaver-1.9.24.jar;C:\Users\kirus\.m2\repository\org\postgresql\postgresql\42.7.7\postgresql-42.7.7.jar;C:\Users\kirus\.m2\repository\org\checkerframework\checker-qual\3.49.3\checker-qual-3.49.3.jar;C:\Users\kirus\.m2\repository\co\elastic\clients\elasticsearch-java\8.18.8\elasticsearch-java-8.18.8.jar;C:\Users\kirus\.m2\repository\org\elasticsearch\client\elasticsearch-rest-client\8.18.6\elasticsearch-rest-client-8.18.6.jar;C:\Users\kirus\.m2\repository\org\apache\httpcomponents\httpclient\4.5.14\httpclient-4.5.14.jar;C:\Users\kirus\.m2\repository\org\apache\httpcomponents\httpcore\4.4.16\httpcore-4.4.16.jar;C:\Users\kirus\.m2\repository\org\apache\httpcomponents\httpasyncclient\4.1.5\httpasyncclient-4.1.5.jar;C:\Users\kirus\.m2\repository\org\apache\httpcomponents\httpcore-nio\4.4.16\httpcore-nio-4.4.16.jar;C:\Users\kirus\.m2\repository\commons-codec\commons-codec\1.18.0\commons-codec-1.18.0.jar;C:\Users\kirus\.m2\repository\com\google\code\findbugs\jsr305\3.0.2\jsr305-3.0.2.jar;C:\Users\kirus\.m2\repository\jakarta\json\jakarta.json-api\2.1.3\jakarta.json-api-2.1.3.jar;C:\Users\kirus\.m2\repository\org\eclipse\parsson\parsson\1.0.5\parsson-1.0.5.jar;C:\Users\kirus\.m2\repository\io\opentelemetry\opentelemetry-api\1.49.0\opentelemetry-api-1.49.0.jar;C:\Users\kirus\.m2\repository\io\opentelemetry\opentelemetry-context\1.49.0\opentelemetry-context-1.49.0.jar;C:\Users\kirus\.m2\repository\io\jsonwebtoken\jjwt-api\0.12.7\jjwt-api-0.12.7.jar;C:\Users\kirus\.m2\repository\io\jsonwebtoken\jjwt-impl\0.12.7\jjwt-impl-0.12.7.jar;C:\Users\kirus\.m2\repository\io\jsonwebtoken\jjwt-jackson\0.12.7\jjwt-jackson-0.12.7.jar;C:\Users\kirus\.m2\repository\com\fasterxml\jackson\core\jackson-databind\2.19.2\jackson-databind-2.19.2.jar;C:\Users\kirus\.m2\repository\com\fasterxml\jackson\datatype\jackson-datatype-jsr310\2.19.2\jackson-datatype-jsr310-2.19.2.jar;C:\Users\kirus\.m2\repository\com\fasterxml\jackson\core\jackson-annotations\2.19.2\jackson-annotations-2.19.2.jar;C:\Users\kirus\.m2\repository\com\fasterxml\jackson\core\jackson-core\2.19.2\jackson-core-2.19.2.jar;C:\Users\kirus\.m2\repository\org\springdoc\springdoc-openapi-starter-webmvc-ui\2.8.9\springdoc-openapi-starter-webmvc-ui-2.8.9.jar;C:\Users\kirus\.m2\repository\org\springdoc\springdoc-openapi-starter-webmvc-api\2.8.9\springdoc-openapi-starter-webmvc-api-2.8.9.jar;C:\Users\kirus\.m2\repository\org\springdoc\springdoc-openapi-starter-common\2.8.9\springdoc-openapi-starter-common-2.8.9.jar;C:\Users\kirus\.m2\repository\io\swagger\core\v3\swagger-core-jakarta\2.2.30\swagger-core-jakarta-2.2.30.jar;C:\Users\kirus\.m2\repository\org\apache\commons\commons-lang3\3.17.0\commons-lang3-3.17.0.jar;C:\Users\kirus\.m2\repository\io\swagger\core\v3\swagger-annotations-jakarta\2.2.30\swagger-annotations-jakarta-2.2.30.jar;C:\Users\kirus\.m2\repository\io\swagger\core\v3\swagger-models-jakarta\2.2.30\swagger-models-jakarta-2.2.30.jar;C:\Users\kirus\.m2\repository\com\fasterxml\jackson\dataformat\jackson-dataformat-yaml\2.19.2\jackson-dataformat-yaml-2.19.2.jar;C:\Users\kirus\.m2\repository\org\webjars\swagger-ui\5.21.0\swagger-ui-5.21.0.jar;C:\Users\kirus\.m2\repository\org\webjars\webjars-locator-lite\1.1.0\webjars-locator-lite-1.1.0.jar;C:\Users\kirus\.m2\repository\org\jspecify\jspecify\1.0.0\jspecify-1.0.0.jar;C:\Users\kirus\.m2\repository\io\micrometer\micrometer-registry-prometheus\1.15.4\micrometer-registry-prometheus-1.15.4.jar;C:\Users\kirus\.m2\repository\io\micrometer\micrometer-core\1.15.4\micrometer-core-1.15.4.jar;C:\Users\kirus\.m2\repository\org\hdrhistogram\HdrHistogram\2.2.2\HdrHistogram-2.2.2.jar;C:\Users\kirus\.m2\repository\org\latencyutils\LatencyUtils\2.0.3\LatencyUtils-2.0.3.jar;C:\Users\kirus\.m2\repository\io\prometheus\prometheus-metrics-core\1.3.10\prometheus-metrics-core-1.3.10.jar;C:\Users\kirus\.m2\repository\io\prometheus\prometheus-metrics-model\1.3.10\prometheus-metrics-model-1.3.10.jar;C:\Users\kirus\.m2\repository\io\prometheus\prometheus-metrics-config\1.3.10\prometheus-metrics-config-1.3.10.jar;C:\Users\kirus\.m2\repository\io\prometheus\prometheus-metrics-tracer-common\1.3.10\prometheus-metrics-tracer-common-1.3.10.jar;C:\Users\kirus\.m2\repository\io\prometheus\prometheus-metrics-exposition-formats\1.3.10\prometheus-metrics-exposition-formats-1.3.10.jar;C:\Users\kirus\.m2\repository\io\prometheus\prometheus-metrics-exposition-textformats\1.3.10\prometheus-metrics-exposition-textformats-1.3.10.jar;C:\Users\kirus\.m2\repository\org\projectlombok\lombok\1.18.40\lombok-1.18.40.jar;C:\Users\kirus\.m2\repository\org\springframework\boot\spring-boot-devtools\3.5.6\spring-boot-devtools-3.5.6.jar;C:\Users\kirus\.m2\repository\org\springframework\boot\spring-boot\3.5.6\spring-boot-3.5.6.jar;C:\Users\kirus\.m2\repository\org\springframework\boot\spring-boot-autoconfigure\3.5.6\spring-boot-autoconfigure-3.5.6.jar;C:\Users\kirus\.m2\repository\org\springframework\boot\spring-boot-docker-compose\3.5.6\spring-boot-docker-compose-3.5.6.jar;C:\Users\kirus\.m2\repository\com\fasterxml\jackson\module\jackson-module-parameter-names\2.19.2\jackson-module-parameter-names-2.19.2.jar;C:\Users\kirus\.m2\repository\jakarta\xml\bind\jakarta.xml.bind-api\4.0.2\jakarta.xml.bind-api-4.0.2.jar;C:\Users\kirus\.m2\repository\jakarta\activation\jakarta.activation-api\2.1.4\jakarta.activation-api-2.1.4.jar;C:\Users\kirus\.m2\repository\org\springframework\spring-core\6.2.11\spring-core-6.2.11.jar;C:\Users\kirus\.m2\repository\org\springframework\spring-jcl\6.2.11\spring-jcl-6.2.11.jar;C:\Users\kirus\.m2\repository\org\springframework\security\spring-security-core\6.5.5\spring-security-core-6.5.5.jar;C:\Users\kirus\.m2\repository\org\springframework\security\spring-security-crypto\6.5.5\spring-security-crypto-6.5.5.jar;C:\Users\kirus\.m2\repository\ch\qos\logback\logback-core\1.5.18\logback-core-1.5.18.jar;C:\Users\kirus\.m2\repository\ch\qos\logback\logback-classic\1.5.18\logback-classic-1.5.18.jar;C:\Users\kirus\.m2\repository\net\bytebuddy\byte-buddy\1.17.7\byte-buddy-1.17.7.jar
Launcher Type: SUN_STANDARD

[Global flags]
     intx CICompilerCount                          = 4                                         {product} {ergonomic}
     uint ConcGCThreads                            = 2                                         {product} {ergonomic}
     uint G1ConcRefinementThreads                  = 8                                         {product} {ergonomic}
   size_t G1HeapRegionSize                         = 1048576                                   {product} {ergonomic}
    uintx GCDrainStackTargetSize                   = 64                                        {product} {ergonomic}
   size_t InitialHeapSize                          = 132120576                                 {product} {ergonomic}
   size_t MarkStackSize                            = 4194304                                   {product} {ergonomic}
   size_t MaxHeapSize                              = 2103443456                                {product} {ergonomic}
   size_t MaxNewSize                               = 1261436928                                {product} {ergonomic}
   size_t MinHeapDeltaBytes                        = 1048576                                   {product} {ergonomic}
   size_t MinHeapSize                              = 8388608                                   {product} {ergonomic}
    uintx NonNMethodCodeHeapSize                   = 5839372                                {pd product} {ergonomic}
    uintx NonProfiledCodeHeapSize                  = 122909434                              {pd product} {ergonomic}
    uintx ProfiledCodeHeapSize                     = 122909434                              {pd product} {ergonomic}
    uintx ReservedCodeCacheSize                    = 251658240                              {pd product} {ergonomic}
     bool SegmentedCodeCache                       = true                                      {product} {ergonomic}
     bool ShowCodeDetailsInExceptionMessages       = true                                   {manageable} {command line}
   size_t SoftMaxHeapSize                          = 2103443456                             {manageable} {ergonomic}
     bool UseCompressedOops                        = true                           {product lp64_product} {ergonomic}
     bool UseG1GC                                  = true                                      {product} {ergonomic}
     bool UseLargePagesIndividualAllocation        = false                                  {pd product} {ergonomic}

Logging:
Log output configuration:
 #0: stdout all=warning uptime,level,tags foldmultilines=false
 #1: stderr all=off uptime,level,tags foldmultilines=false

Environment Variables:
PATH=C:/Users/kirus/.p2/pool/plugins/org.eclipse.justj.openjdk.hotspot.jre.full.win32.x86_64_21.0.10.v20260205-0638/jre/bin/server;C:/Users/kirus/.p2/pool/plugins/org.eclipse.justj.openjdk.hotspot.jre.full.win32.x86_64_21.0.10.v20260205-0638/jre/bin;C:\app\kirus\product\21c\dbhomeXE\bin;C:\Program Files\Common Files\Oracle\Java\javapath;C:\Program Files (x86)\Common Files\Oracle\Java\java8path;C:\Program Files (x86)\Common Files\Oracle\Java\javapath;C:\Windows\system32;C:\Windows;C:\Windows\System32\Wbem;C:\Windows\System32\WindowsPowerShell\v1.0\;C:\Windows\System32\OpenSSH\;C:\WINDOWS\system32;C:\WINDOWS;C:\WINDOWS\System32\Wbem;C:\WINDOWS\System32\WindowsPowerShell\v1.0\;C:\WINDOWS\System32\OpenSSH\;D:\java_files\apache-maven-3.9.11-bin\apache-maven-3.9.11\bin;C:\Program Files\nodejs\;C:\Program Files\Git\cmd;C:\Program Files\Memurai\;C:\Program Files (x86)\NVIDIA Corporation\PhysX\Common;C:\Program Files\NVIDIA Corporation\NVIDIA App\NvDLISR;C:\Program Files\MySQL\MySQL Shell 8.0\bin\;C:\Users\kirus\AppData\Local\Microsoft\WindowsApps;C:\Users\kirus\AppData\Local\Programs\Microsoft VS Code\bin;C:\Users\kirus\AppData\Roaming\npm;C:\Users\kirus\AppData\Local\Kingsoft\WPS Office\12.1.0.27458\clitool;C:\Users\kirus\AppData\Local\Programs\DockerDesktop\resources\bin;C:\Users\kirus\OneDrive\Desktop;
USERNAME=kirus
OS=Windows_NT
PROCESSOR_IDENTIFIER=Intel64 Family 6 Model 165 Stepping 2, GenuineIntel
TMP=C:\Users\kirus\AppData\Local\Temp
TEMP=C:\Users\kirus\AppData\Local\Temp




Periodic native trim disabled

---------------  S Y S T E M  ---------------

OS:
 Windows 11 , 64 bit Build 26100 (10.0.26100.8972)
OS uptime: 0 days 4:57 hours
Hyper-V role detected

CPU: total 8 (initial active 8) (4 cores per cpu, 2 threads per core) family 6 model 165 stepping 2 microcode 0xea, cx8, cmov, fxsr, ht, mmx, 3dnowpref, sse, sse2, sse3, ssse3, sse4.1, sse4.2, popcnt, lzcnt, tsc, tscinvbit, avx, avx2, aes, erms, clmul, bmi1, bmi2, adx, fma, vzeroupper, clflush, clflushopt, hv, rdtscp, f16c
Processor Information for all 8 processors :
  Max Mhz: 2496, Current Mhz: 2496, Mhz Limit: 2496

Memory: 4k page, system-wide physical 8023M (492M free)
TotalPageFile size 32599M (AvailPageFile size 14M)
current process WorkingSet (physical memory assigned to process): 265M, peak: 265M
current process commit charge ("private bytes"): 353M, peak: 354M

vm_info: Java HotSpot(TM) 64-Bit Server VM (21.0.11+9-LTS-211) for windows-amd64 JRE (21.0.11+9-LTS-211), built on 2026-03-11T00:23:15Z by "mach5run" with MS VC++ 17.13 (VS2022)

END.
